// Vitest Snapshot v1

exports[`tBuild > serialization should match 1`] = `
{
  "children": [
    {
      "children": [
        {
          "children": [],
          "data": {},
          "depth": 3,
          "isRoot": false,
          "key": "justKey",
          "path": "customPathSegment/child/justKey",
        },
        {
          "children": [],
          "data": {},
          "depth": 3,
          "isRoot": false,
          "key": "external",
          "path": "customPathSegment/child/external",
        },
        {
          "children": [
            {
              "children": [],
              "data": {},
              "depth": 4,
              "isRoot": false,
              "key": "tBuildJustKey",
              "path": "customPathSegment/child/tBuild/tBuildJustKey",
            },
            {
              "children": [],
              "data": {},
              "depth": 4,
              "isRoot": false,
              "key": "tBuildWithBuilder",
              "path": "customPathSegment/child/tBuild/tBuildWithBuilder",
            },
            {
              "children": [
                {
                  "children": [],
                  "data": {},
                  "depth": 5,
                  "isRoot": false,
                  "key": "final",
                  "path": "customPathSegment/child/tBuild/tBuildFull/final",
                },
              ],
              "data": {},
              "depth": 4,
              "isRoot": false,
              "key": "tBuildFull",
              "path": "customPathSegment/child/tBuild/tBuildFull",
            },
          ],
          "data": {},
          "depth": 3,
          "isRoot": false,
          "key": "tBuild",
          "path": "customPathSegment/child/tBuild",
        },
      ],
      "data": {},
      "depth": 2,
      "isRoot": false,
      "key": "child",
      "path": "customPathSegment/child",
    },
  ],
  "data": {
    "array": [
      {
        "id": "test",
      },
    ],
    "boolean": true,
    "number": 1,
    "object": {
      "nested": "nested",
    },
    "specials": {
      "date": 2022-08-18T00:00:00.000Z,
      "function": [Function],
      "map": Map {},
      "node": TNode {
        "_children": [],
        "_data": {},
        "_depth": 1,
        "_key": "example",
        "_parent": null,
        "_pathResolver": [Function],
      },
      "set": Set {},
    },
    "string": "string",
  },
  "depth": 1,
  "isRoot": true,
  "key": "key",
  "path": "customPathSegment",
}
`;
